2026-07-15 19:06:21,732 - WARNING -  * Debugger is active!
2026-07-15 19:06:21,737 - INFO -  * Debugger PIN: 260-213-456
2026-07-15 19:08:28,179 - INFO - [31m[1mWARNING: This is a development server. Do not use it in a production deployment. Use a production WSGI server instead.[0m
 * Running on all addresses (0.0.0.0)
 * Running on http://127.0.0.1:5000
 * Running on http://10.69.226.167:5000
2026-07-15 19:08:28,180 - INFO - [33mPress CTRL+C to quit[0m
2026-07-15 19:08:28,189 - INFO -  * Restarting with watchdog (windowsapi)
2026-07-15 19:08:34,089 - WARNING -  * Debugger is active!
2026-07-15 19:08:34,097 - INFO -  * Debugger PIN: 260-213-456
2026-07-15 19:08:46,406 - INFO - 127.0.0.1 - - [15/Jul/2026 19:08:46] "GET / HTTP/1.1" 200 -
2026-07-15 19:08:46,493 - INFO - 127.0.0.1 - - [15/Jul/2026 19:08:46] "[33mGET /@vite/client HTTP/1.1[0m" 404 -
2026-07-15 19:23:29,908 - INFO - [31m[1mWARNING: This is a development server. Do not use it in a production deployment. Use a production WSGI server instead.[0m
 * Running on all addresses (0.0.0.0)
 * Running on http://127.0.0.1:5000
 * Running on http://10.69.226.167:5000
2026-07-15 19:23:29,909 - INFO - [33mPress CTRL+C to quit[0m
2026-07-15 19:23:29,920 - INFO -  * Restarting with watchdog (windowsapi)
2026-07-15 19:23:37,849 - WARNING -  * Debugger is active!
2026-07-15 19:23:37,856 - INFO -  * Debugger PIN: 260-213-456
2026-07-15 19:24:07,993 - INFO - 127.0.0.1 - - [15/Jul/2026 19:24:07] "GET /simple-ocr HTTP/1.1" 200 -
2026-07-15 19:24:24,213 - INFO - 127.0.0.1 - - [15/Jul/2026 19:24:24] "GET /simple-ocr HTTP/1.1" 200 -
2026-07-15 19:24:24,361 - INFO - 127.0.0.1 - - [15/Jul/2026 19:24:24] "[33mGET /@vite/client HTTP/1.1[0m" 404 -
2026-07-15 19:28:25,903 - INFO -  * Detected change in 'C:\\Users\\he\\Desktop\\下场单\\validate_excel.py', reloading
2026-07-15 19:28:25,903 - INFO -  * Detected change in 'C:\\Users\\he\\Desktop\\下场单\\validate_excel.py', reloading
2026-07-15 19:28:25,904 - INFO -  * Detected change in 'C:\\Users\\he\\Desktop\\下场单\\validate_excel.py', reloading
2026-07-15 19:28:25,904 - INFO -  * Detected change in 'C:\\Users\\he\\Desktop\\下场单\\app.py', reloading
2026-07-15 19:28:25,907 - INFO -  * Detected change in 'C:\\Users\\he\\Desktop\\下场单\\app.py', reloading
2026-07-15 19:28:25,907 - INFO -  * Detected change in 'C:\\Users\\he\\Desktop\\下场单\\app.py', reloading
2026-07-15 19:28:25,908 - INFO -  * Detected change in 'C:\\Users\\he\\Desktop\\下场单\\app.py', reloading
2026-07-15 19:28:27,490 - INFO -  * Restarting with watchdog (windowsapi)
2026-07-15 19:28:34,593 - WARNING -  * Debugger is active!
2026-07-15 19:28:34,597 - INFO -  * Debugger PIN: 260-213-456
2026-07-15 19:28:38,043 - INFO -  * Detected change in 'C:\\Users\\he\\anaconda3\\Lib\\site-packages\\paddleocr\\_pipelines\\__init__.py', reloading
2026-07-15 19:28:38,043 - INFO -  * Detected change in 'C:\\Users\\he\\anaconda3\\Lib\\site-packages\\paddleocr\\_pipelines\\ocr.py', reloading
2026-07-15 19:28:38,045 - INFO -  * Detected change in 'C:\\Users\\he\\anaconda3\\Lib\\site-packages\\paddleocr\\_pipelines\\base.py', reloading
2026-07-15 19:28:38,087 - INFO -  * Detected change in 'C:\\Users\\he\\anaconda3\\Lib\\site-packages\\paddleocr\\_utils\\deprecation.py', reloading
2026-07-15 19:28:38,106 - INFO -  * Detected change in 'C:\\Users\\he\\anaconda3\\Lib\\site-packages\\cv2\\typing\\__init__.py', reloading
2026-07-15 19:28:38,108 - INFO -  * Detected change in 'C:\\Users\\he\\anaconda3\\Lib\\site-packages\\cv2\\mat_wrapper\\__init__.py', reloading
2026-07-15 19:28:38,222 - INFO -  * Detected change in 'C:\\Users\\he\\anaconda3\\Lib\\site-packages\\paddleocr\\_common_args.py', reloading
2026-07-15 19:28:38,229 - INFO -  * Detected change in 'C:\\Users\\he\\anaconda3\\Lib\\site-packages\\paddlex\\inference\\pipelines\\__init__.py', reloading
2026-07-15 19:28:38,252 - INFO -  * Detected change in 'C:\\Users\\he\\anaconda3\\Lib\\site-packages\\paddlex\\inference\\models\\runners\\paddle_static\\config\\__init__.py', reloading
2026-07-15 19:28:38,253 - INFO -  * Detected change in 'C:\\Users\\he\\anaconda3\\Lib\\site-packages\\paddlex\\inference\\models\\runners\\paddle_static\\config\\pp_option.py', reloading
2026-07-15 19:28:38,255 - INFO -  * Detected change in 'C:\\Users\\he\\anaconda3\\Lib\\site-packages\\paddlex\\inference\\models\\runners\\hpi\\__init__.py', reloading
2026-07-15 19:28:38,256 - INFO -  * Detected change in 'C:\\Users\\he\\anaconda3\\Lib\\site-packages\\paddlex\\inference\\models\\runners\\hpi\\config.py', reloading
2026-07-15 19:28:38,377 - INFO -  * Detected change in 'C:\\Users\\he\\anaconda3\\Lib\\site-packages\\paddlex\\inference\\pipelines\\base.py', reloading
2026-07-15 19:28:38,379 - INFO -  * Detected change in 'C:\\Users\\he\\anaconda3\\Lib\\site-packages\\paddlex\\utils\\subclass_register.py', reloading
2026-07-15 19:28:38,381 - INFO -  * Detected change in 'C:\\Users\\he\\anaconda3\\Lib\\site-packages\\paddlex\\utils\\device.py', reloading
2026-07-15 19:28:38,393 - INFO -  * Detected change in 'C:\\Users\\he\\anaconda3\\Lib\\site-packages\\paddleocr\\_constants.py', reloading
2026-07-15 19:28:39,410 - INFO -  * Restarting with watchdog (windowsapi)
2026-07-15 19:28:46,298 - WARNING -  * Debugger is active!
2026-07-15 19:28:46,303 - INFO -  * Debugger PIN: 260-213-456
2026-07-15 19:35:37,106 - INFO -  * Detected change in 'C:\\Users\\he\\Desktop\\下场单\\app.py', reloading
2026-07-15 19:35:37,107 - INFO -  * Detected change in 'C:\\Users\\he\\Desktop\\下场单\\app.py', reloading
2026-07-15 19:35:37,107 - INFO -  * Detected change in 'C:\\Users\\he\\Desktop\\下场单\\app.py', reloading
2026-07-15 19:35:38,823 - INFO -  * Restarting with watchdog (windowsapi)
2026-07-15 19:35:46,941 - WARNING -  * Debugger is active!
2026-07-15 19:35:46,945 - INFO -  * Debugger PIN: 260-213-456
2026-07-15 19:35:49,503 - INFO -  * Detected change in 'C:\\Users\\he\\anaconda3\\Lib\\site-packages\\flask_cors\\__init__.py', reloading
2026-07-15 19:35:49,503 - INFO -  * Detected change in 'C:\\Users\\he\\anaconda3\\Lib\\site-packages\\flask_cors\\extension.py', reloading
2026-07-15 19:35:49,548 - INFO -  * Detected change in 'C:\\Users\\he\\anaconda3\\Lib\\site-packages\\flask_cors\\core.py', reloading
2026-07-15 19:35:51,090 - INFO -  * Restarting with watchdog (windowsapi)
2026-07-15 19:35:58,158 - WARNING -  * Debugger is active!
2026-07-15 19:35:58,161 - INFO -  * Debugger PIN: 260-213-456
2026-07-15 19:36:18,990 - INFO -  * Detected change in 'C:\\Users\\he\\Desktop\\下场单\\app.py', reloading
2026-07-15 19:36:18,990 - INFO -  * Detected change in 'C:\\Users\\he\\Desktop\\下场单\\app.py', reloading
2026-07-15 19:36:18,991 - INFO -  * Detected change in 'C:\\Users\\he\\Desktop\\下场单\\app.py', reloading
2026-07-15 19:36:20,245 - INFO -  * Restarting with watchdog (windowsapi)
2026-07-15 19:36:28,238 - WARNING -  * Debugger is active!
2026-07-15 19:36:28,245 - INFO -  * Debugger PIN: 260-213-456
2026-07-15 19:38:25,458 - INFO - [31m[1mWARNING: This is a development server. Do not use it in a production deployment. Use a production WSGI server instead.[0m
 * Running on all addresses (0.0.0.0)
 * Running on http://127.0.0.1:5000
 * Running on http://10.69.226.167:5000
2026-07-15 19:38:25,458 - INFO - [33mPress CTRL+C to quit[0m
2026-07-15 19:38:25,468 - INFO -  * Restarting with watchdog (windowsapi)
2026-07-15 19:38:32,012 - WARNING -  * Debugger is active!
2026-07-15 19:38:32,031 - INFO -  * Debugger PIN: 260-213-456
2026-07-15 19:39:31,169 - INFO - 127.0.0.1 - - [15/Jul/2026 19:39:31] "GET / HTTP/1.1" 200 -
2026-07-15 19:39:31,401 - INFO - 127.0.0.1 - - [15/Jul/2026 19:39:31] "[33mGET /@vite/client HTTP/1.1[0m" 404 -
2026-07-15 19:40:43,358 - WARNING - Upload request received without file
2026-07-15 19:40:43,358 - INFO - 127.0.0.1 - - [15/Jul/2026 19:40:43] "[31m[1mPOST /upload HTTP/1.1[0m" 400 -
2026-07-15 19:41:36,323 - INFO - File saved: dfb579e3-ddc9-406c-94a5-0ae87d27ce78_test.jpg, size: 99747 bytes
2026-07-15 19:41:37,453 - ERROR - OCR error for uploads\dfb579e3-ddc9-406c-94a5-0ae87d27ce78_test.jpg: (Unimplemented) ConvertPirAttribute2RuntimeAttribute not support [pir::ArrayAttribute<pir::DoubleAttribute>]  (at ..\paddle\fluid\framework\new_executor\instruction\onednn\onednn_instruction.cc:118)

2026-07-15 19:41:37,496 - WARNING - Recognition failed for dfb579e3-ddc9-406c-94a5-0ae87d27ce78_test.jpg: (Unimplemented) ConvertPirAttribute2RuntimeAttribute not support [pir::ArrayAttribute<pir::DoubleAttribute>]  (at ..\paddle\fluid\framework\new_executor\instruction\onednn\onednn_instruction.cc:118)

2026-07-15 19:41:37,497 - INFO - 127.0.0.1 - - [15/Jul/2026 19:41:37] "POST /upload HTTP/1.1" 200 -
2026-07-15 19:41:50,664 - WARNING - Invalid file type: test.txt
2026-07-15 19:41:50,664 - INFO - 127.0.0.1 - - [15/Jul/2026 19:41:50] "[31m[1mPOST /upload HTTP/1.1[0m" 400 -
2026-07-15 19:42:08,255 - WARNING - File too small: tiny.jpg (50 bytes)
2026-07-15 19:42:08,256 - INFO - 127.0.0.1 - - [15/Jul/2026 19:42:08] "[31m[1mPOST /upload HTTP/1.1[0m" 400 -
2026-07-15 19:46:28,415 - INFO - 127.0.0.1 - - [15/Jul/2026 19:46:28] "GET / HTTP/1.1" 200 -
2026-07-15 19:46:43,690 - INFO - File saved: 81c09c44-ea78-409e-a9ca-b11e5b61be89_8cc192415eaed2101b12f7ebb39a6653.jpg, size: 99747 bytes
2026-07-15 19:46:44,770 - ERROR - OCR error for uploads\81c09c44-ea78-409e-a9ca-b11e5b61be89_8cc192415eaed2101b12f7ebb39a6653.jpg: (Unimplemented) ConvertPirAttribute2RuntimeAttribute not support [pir::ArrayAttribute<pir::DoubleAttribute>]  (at ..\paddle\fluid\framework\new_executor\instruction\onednn\onednn_instruction.cc:118)

2026-07-15 19:46:45,053 - WARNING - Recognition failed for 81c09c44-ea78-409e-a9ca-b11e5b61be89_8cc192415eaed2101b12f7ebb39a6653.jpg: (Unimplemented) ConvertPirAttribute2RuntimeAttribute not support [pir::ArrayAttribute<pir::DoubleAttribute>]  (at ..\paddle\fluid\framework\new_executor\instruction\onednn\onednn_instruction.cc:118)

2026-07-15 19:46:45,053 - INFO - 127.0.0.1 - - [15/Jul/2026 19:46:45] "POST /upload HTTP/1.1" 200 -
2026-07-15 19:46:59,791 - INFO -  * Detected change in 'C:\\Users\\he\\Desktop\\下场单\\validate_excel.py', reloading
2026-07-15 19:46:59,791 - INFO -  * Detected change in 'C:\\Users\\he\\Desktop\\下场单\\validate_excel.py', reloading
2026-07-15 19:46:59,791 - INFO -  * Detected change in 'C:\\Users\\he\\Desktop\\下场单\\validate_excel.py', reloading
2026-07-15 19:46:59,791 - INFO -  * Detected change in 'C:\\Users\\he\\Desktop\\下场单\\validate_excel.py', reloading
2026-07-15 19:46:59,792 - INFO -  * Detected change in 'C:\\Users\\he\\Desktop\\下场单\\validate_excel.py', reloading
2026-07-15 19:46:59,792 - INFO -  * Detected change in 'C:\\Users\\he\\Desktop\\下场单\\validate_excel.py', reloading
2026-07-15 19:46:59,799 - INFO -  * Detected change in 'C:\\Users\\he\\Desktop\\下场单\\app.py', reloading
2026-07-15 19:46:59,799 - INFO -  * Detected change in 'C:\\Users\\he\\Desktop\\下场单\\app.py', reloading
2026-07-15 19:46:59,799 - INFO -  * Detected change in 'C:\\Users\\he\\Desktop\\下场单\\app.py', reloading
2026-07-15 19:46:59,801 - INFO -  * Detected change in 'C:\\Users\\he\\Desktop\\下场单\\app.py', reloading
2026-07-15 19:47:01,298 - INFO -  * Restarting with watchdog (windowsapi)
2026-07-15 19:47:01,640 - INFO -  * Restarting with watchdog (windowsapi)
2026-07-15 19:47:07,678 - WARNING -  * Debugger is active!
2026-07-15 19:47:07,682 - INFO -  * Debugger PIN: 260-213-456
2026-07-15 19:47:08,773 - WARNING -  * Debugger is active!
2026-07-15 19:47:08,777 - INFO -  * Debugger PIN: 260-213-456
2026-07-15 19:47:14,500 - INFO -  * Detected change in 'C:\\Users\\he\\Desktop\\下场单\\validate_excel.py', reloading
2026-07-15 19:47:14,501 - INFO -  * Detected change in 'C:\\Users\\he\\Desktop\\下场单\\validate_excel.py', reloading
2026-07-15 19:47:14,501 - INFO -  * Detected change in 'C:\\Users\\he\\Desktop\\下场单\\validate_excel.py', reloading
2026-07-15 19:47:14,504 - INFO -  * Detected change in 'C:\\Users\\he\\Desktop\\下场单\\validate_excel.py', reloading
2026-07-15 19:47:14,504 - INFO -  * Detected change in 'C:\\Users\\he\\Desktop\\下场单\\validate_excel.py', reloading
2026-07-15 19:47:14,510 - INFO -  * Detected change in 'C:\\Users\\he\\Desktop\\下场单\\app.py', reloading
2026-07-15 19:47:14,510 - INFO -  * Detected change in 'C:\\Users\\he\\Desktop\\下场单\\app.py', reloading
2026-07-15 19:47:14,511 - INFO -  * Detected change in 'C:\\Users\\he\\Desktop\\下场单\\app.py', reloading
2026-07-15 19:47:14,511 - INFO -  * Detected change in 'C:\\Users\\he\\Desktop\\下场单\\app.py', reloading
2026-07-15 19:47:14,512 - INFO -  * Detected change in 'C:\\Users\\he\\Desktop\\下场单\\app.py', reloading
2026-07-15 19:47:14,512 - INFO -  * Detected change in 'C:\\Users\\he\\Desktop\\下场单\\app.py', reloading
2026-07-15 19:47:15,533 - INFO -  * Restarting with watchdog (windowsapi)
2026-07-15 19:47:15,623 - INFO -  * Restarting with watchdog (windowsapi)
2026-07-15 19:47:21,853 - WARNING -  * Debugger is active!
2026-07-15 19:47:21,857 - INFO -  * Debugger PIN: 260-213-456
2026-07-15 19:47:22,674 - WARNING -  * Debugger is active!
2026-07-15 19:47:22,678 - INFO -  * Debugger PIN: 260-213-456
2026-07-15 19:47:32,793 - INFO -  * Detected change in 'C:\\Users\\he\\Desktop\\下场单\\app.py', reloading
2026-07-15 19:47:32,794 - INFO -  * Detected change in 'C:\\Users\\he\\Desktop\\下场单\\validate_excel.py', reloading
2026-07-15 19:47:32,794 - INFO -  * Detected change in 'C:\\Users\\he\\Desktop\\下场单\\app.py', reloading
2026-07-15 19:47:32,794 - INFO -  * Detected change in 'C:\\Users\\he\\Desktop\\下场单\\validate_excel.py', reloading
2026-07-15 19:47:32,794 - INFO -  * Detected change in 'C:\\Users\\he\\Desktop\\下场单\\validate_excel.py', reloading
2026-07-15 19:47:32,794 - INFO -  * Detected change in 'C:\\Users\\he\\Desktop\\下场单\\validate_excel.py', reloading
2026-07-15 19:47:32,796 - INFO -  * Detected change in 'C:\\Users\\he\\Desktop\\下场单\\app.py', reloading
2026-07-15 19:47:32,796 - INFO -  * Detected change in 'C:\\Users\\he\\Desktop\\下场单\\app.py', reloading
2026-07-15 19:47:32,797 - INFO -  * Detected change in 'C:\\Users\\he\\Desktop\\下场单\\validate_excel.py', reloading
2026-07-15 19:47:32,797 - INFO -  * Detected change in 'C:\\Users\\he\\Desktop\\下场单\\validate_excel.py', reloading
2026-07-15 19:47:32,797 - INFO -  * Detected change in 'C:\\Users\\he\\Desktop\\下场单\\app.py', reloading
2026-07-15 19:47:32,798 - INFO -  * Detected change in 'C:\\Users\\he\\Desktop\\下场单\\app.py', reloading
2026-07-15 19:47:33,733 - INFO -  * Restarting with watchdog (windowsapi)
2026-07-15 19:47:34,497 - INFO -  * Restarting with watchdog (windowsapi)
2026-07-15 19:52:37,345 - INFO -  * Restarting with watchdog (windowsapi)
2026-07-15 19:52:37,962 - INFO -  * Restarting with watchdog (windowsapi)
